// Jest Snapshot v1, https://goo.gl/fbAQLP

exports[`sudoku easy1 1`] = `
Array [
  Array [
    8,
    3,
    7,
    4,
    5,
    2,
    1,
    6,
    9,
  ],
  Array [
    1,
    2,
    6,
    9,
    7,
    8,
    3,
    5,
    4,
  ],
  Array [
    9,
    4,
    5,
    1,
    3,
    6,
    8,
    2,
    7,
  ],
  Array [
    6,
    8,
    3,
    7,
    1,
    5,
    4,
    9,
    2,
  ],
  Array [
    4,
    1,
    2,
    6,
    8,
    9,
    5,
    7,
    3,
  ],
  Array [
    5,
    7,
    9,
    2,
    4,
    3,
    6,
    1,
    8,
  ],
  Array [
    2,
    9,
    8,
    5,
    6,
    4,
    7,
    3,
    1,
  ],
  Array [
    3,
    5,
    1,
    8,
    9,
    7,
    2,
    4,
    6,
  ],
  Array [
    7,
    6,
    4,
    3,
    2,
    1,
    9,
    8,
    5,
  ],
]
`;

exports[`sudoku hard1 1`] = `
Array [
  Array [
    5,
    7,
    2,
    8,
    9,
    4,
    6,
    1,
    3,
  ],
  Array [
    4,
    6,
    8,
    3,
    1,
    5,
    2,
    7,
    9,
  ],
  Array [
    9,
    1,
    3,
    6,
    2,
    7,
    8,
    4,
    5,
  ],
  Array [
    7,
    4,
    1,
    5,
    8,
    6,
    9,
    3,
    2,
  ],
  Array [
    3,
    5,
    6,
    9,
    4,
    2,
    1,
    8,
    7,
  ],
  Array [
    8,
    2,
    9,
    7,
    3,
    1,
    5,
    6,
    4,
  ],
  Array [
    1,
    9,
    4,
    2,
    7,
    8,
    3,
    5,
    6,
  ],
  Array [
    2,
    8,
    5,
    4,
    6,
    3,
    7,
    9,
    1,
  ],
  Array [
    6,
    3,
    7,
    1,
    5,
    9,
    4,
    2,
    8,
  ],
]
`;
